<html>
<body>
<pre>
<h1>µVision Build Log</h1>
<h2>Project:</h2>
N:\MTE241\p2\project.uvproj
Project File Date:  10/15/2014

<h2>Output:</h2>
Build target 'Target 1'
compiling half_fit_test.c...
half_fit_test.c(476): warning:  #1-D: last line of file ends without a newline
linking...
Program Size: Code=6804 RO-data=608 RW-data=44 ZI-data=41116  
"project.axf" - 0 Error(s), 1 Warning(s).
Build target 'Target 1'
compiling main.c...
compiling GLCD_Scroll.c...
compiling GLCD_SPI_LPC1700.c...
compiling half_fit.c...
compiling half_fit_test.c...
half_fit_test.c(476): warning:  #1-D: last line of file ends without a newline
compiling Retarget.c...
compiling uart.c...
compiling system_LPC17xx.c...
linking...
Program Size: Code=6980 RO-data=608 RW-data=56 ZI-data=41112  
"project.axf" - 0 Error(s), 1 Warning(s).
Build target 'Target 1'
compiling half_fit_test.c...
half_fit_test.c(337): warning:  #177-D: variable "line" was declared but never referenced
half_fit_test.c(476): warning:  #1-D: last line of file ends without a newline
linking...
Program Size: Code=6752 RO-data=608 RW-data=56 ZI-data=41112  
"project.axf" - 0 Error(s), 2 Warning(s).
Build target 'Target 1'
compiling main.c...
compiling GLCD_Scroll.c...
compiling GLCD_SPI_LPC1700.c...
compiling half_fit.c...
compiling half_fit_test.c...
compiling Retarget.c...
compiling uart.c...
compiling system_LPC17xx.c...
linking...
Program Size: Code=6812 RO-data=608 RW-data=44 ZI-data=41116  
"project.axf" - 0 Error(s), 0 Warning(s).
Build target 'Target 1'
linking...
Program Size: Code=6812 RO-data=608 RW-data=44 ZI-data=41116  
"project.axf" - 0 Error(s), 0 Warning(s).
Build target 'Target 1'
compiling half_fit_test.c...
half_fit_test.c(337): warning:  #177-D: variable "line" was declared but never referenced
linking...
Program Size: Code=6604 RO-data=608 RW-data=44 ZI-data=41116  
"project.axf" - 0 Error(s), 1 Warning(s).
Build target 'Target 1'
compiling main.c...
compiling GLCD_Scroll.c...
compiling GLCD_SPI_LPC1700.c...
compiling half_fit.c...
compiling half_fit_test.c...
half_fit_test.c(337): warning:  #177-D: variable "line" was declared but never referenced
compiling Retarget.c...
compiling uart.c...
compiling system_LPC17xx.c...
linking...
Program Size: Code=6604 RO-data=608 RW-data=44 ZI-data=41116  
"project.axf" - 0 Error(s), 1 Warning(s).
 
*** Rebuild Pass #1 with Cross-Module Feedback - 'Clean' invoked.
Clean started: Project: 'project'
   deleting intermediate output files for target 'Target 1'
Build target 'Target 1'
assembling startup_LPC17xx.s...
compiling main.c...
compiling GLCD_Scroll.c...
compiling GLCD_SPI_LPC1700.c...
compiling half_fit.c...
compiling half_fit_test.c...
half_fit_test.c(337): warning:  #177-D: variable "line" was declared but never referenced
compiling Retarget.c...
compiling uart.c...
compiling system_LPC17xx.c...
linking...
Program Size: Code=6604 RO-data=608 RW-data=44 ZI-data=41116  
"project.axf" - 0 Error(s), 1 Warning(s).
 
*** Rebuild Pass #2 with Cross-Module Feedback invoked.
Rebuild target 'Target 1'
assembling startup_LPC17xx.s...
compiling main.c...
compiling GLCD_Scroll.c...
compiling GLCD_SPI_LPC1700.c...
compiling half_fit.c...
compiling half_fit_test.c...
half_fit_test.c(337): warning:  #177-D: variable "line" was declared but never referenced
compiling Retarget.c...
compiling uart.c...
compiling system_LPC17xx.c...
linking...
Program Size: Code=5192 RO-data=644 RW-data=44 ZI-data=41116  
"project.axf" - 0 Error(s), 1 Warning(s).
 
*** Rebuild Pass #1 with Cross-Module Feedback - 'Clean' invoked.
Clean started: Project: 'project'
   deleting intermediate output files for target 'Target 1'
Build target 'Target 1'
assembling startup_LPC17xx.s...
compiling main.c...
compiling GLCD_Scroll.c...
compiling GLCD_SPI_LPC1700.c...
compiling half_fit.c...
compiling half_fit_test.c...
half_fit_test.c(337): warning:  #177-D: variable "line" was declared but never referenced
half_fit_test.c(466): error:  #20: identifier "t1" is undefined
half_fit_test.c(467): error:  #20: identifier "t2" is undefined
half_fit_test.c(468): error:  #20: identifier "t3" is undefined
half_fit_test.c(469): error:  #20: identifier "t4" is undefined
half_fit_test.c(470): error:  #20: identifier "t5" is undefined
half_fit_test.c(471): error:  #20: identifier "t6" is undefined
half_fit_test.c(473): error:  #20: identifier "t1" is undefined
half_fit_test.c(474): error:  #20: identifier "t2" is undefined
half_fit_test.c(475): error:  #20: identifier "t3" is undefined
half_fit_test.c(476): error:  #20: identifier "t4" is undefined
half_fit_test.c(477): error:  #20: identifier "t5" is undefined
half_fit_test.c(478): error:  #20: identifier "t6" is undefined
compiling Retarget.c...
compiling uart.c...
compiling system_LPC17xx.c...
Target not created
 
*** Rebuild Pass #1 with Cross-Module Feedback - 'Clean' invoked.
Clean started: Project: 'project'
   deleting intermediate output files for target 'Target 1'
Build target 'Target 1'
assembling startup_LPC17xx.s...
compiling main.c...
compiling GLCD_Scroll.c...
compiling GLCD_SPI_LPC1700.c...
compiling half_fit.c...
compiling half_fit_test.c...
half_fit_test.c(337): warning:  #177-D: variable "line" was declared but never referenced
compiling Retarget.c...
compiling uart.c...
compiling system_LPC17xx.c...
linking...
Program Size: Code=6628 RO-data=608 RW-data=44 ZI-data=41116  
"project.axf" - 0 Error(s), 1 Warning(s).
 
*** Rebuild Pass #2 with Cross-Module Feedback invoked.
Rebuild target 'Target 1'
assembling startup_LPC17xx.s...
compiling main.c...
compiling GLCD_Scroll.c...
compiling GLCD_SPI_LPC1700.c...
compiling half_fit.c...
compiling half_fit_test.c...
half_fit_test.c(337): warning:  #177-D: variable "line" was declared but never referenced
compiling Retarget.c...
compiling uart.c...
compiling system_LPC17xx.c...
linking...
Program Size: Code=5208 RO-data=644 RW-data=44 ZI-data=41116  
"project.axf" - 0 Error(s), 1 Warning(s).
Build target 'Target 1'
compiling main.c...
compiling GLCD_Scroll.c...
compiling GLCD_SPI_LPC1700.c...
compiling half_fit.c...
compiling half_fit_test.c...
half_fit_test.c(337): warning:  #177-D: variable "line" was declared but never referenced
compiling Retarget.c...
compiling uart.c...
compiling system_LPC17xx.c...
linking...
Program Size: Code=6628 RO-data=608 RW-data=44 ZI-data=41116  
"project.axf" - 0 Error(s), 1 Warning(s).
